0
42
21
41
47
15
4
10
10
10
0
1
1
0
0
1
1
0
0
0
1
0
1
1